Copyright 1986-2019 Xilinx, Inc. All Rights Reserved.
-----------------------------------------------------------------------------------------------------------------------------------------------------------------------------------------
| Tool Version : Vivado v.2019.2 (win64) Build 2708876 Wed Nov  6 21:40:23 MST 2019
| Date         : Mon Oct 20 04:57:45 2025
| Host         : KastriaL running 64-bit major release  (build 9200)
| Command      : report_methodology -file cv32e40x_fpga_top_methodology_drc_routed.rpt -pb cv32e40x_fpga_top_methodology_drc_routed.pb -rpx cv32e40x_fpga_top_methodology_drc_routed.rpx
| Design       : cv32e40x_fpga_top
| Device       : xc7a35ticsg324-1L
| Speed File   : -1L
| Design State : Fully Routed
-----------------------------------------------------------------------------------------------------------------------------------------------------------------------------------------

Report Methodology

Table of Contents
-----------------
1. REPORT SUMMARY
2. REPORT DETAILS

1. REPORT SUMMARY
-----------------
            Netlist: netlist
          Floorplan: design_1
      Design limits: <entire design considered>
             Max violations: <unlimited>
             Violations found: 23
+-----------+----------+------------------------------------------+------------+
| Rule      | Severity | Description                              | Violations |
+-----------+----------+------------------------------------------+------------+
| SYNTH-10  | Warning  | Wide multiplier                          | 3          |
| TIMING-16 | Warning  | Large setup violation                    | 19         |
| XDCH-2    | Warning  | Same min and max delay values on IO port | 1          |
+-----------+----------+------------------------------------------+------------+

2. REPORT DETAILS
-----------------
SYNTH-10#1 Warning
Wide multiplier  
Detected multiplier at u_core/ex_stage_i/mul.mult_i/int_result of size 15x18, it is decomposed from a wide multipler into 4 DSP blocks.
Related violations: <none>

SYNTH-10#2 Warning
Wide multiplier  
Detected multiplier at u_core/ex_stage_i/mul.mult_i/int_result__0 of size 18x18, it is decomposed from a wide multipler into 4 DSP blocks.
Related violations: <none>

SYNTH-10#3 Warning
Wide multiplier  
Detected multiplier at u_core/ex_stage_i/mul.mult_i/int_result__1 of size 18x15, it is decomposed from a wide multipler into 4 DSP blocks.
Related violations: <none>

TIMING-16#1 Warning
Large setup violation  
There is a large setup violation of -1.003 ns between debug_req_i (clocked by sys_clk) and u_core/id_stage_i/id_ex_pipe_o_reg[muldiv_operand_a][20]/D (clocked by sys_clk). Large setup violations at the end of those stages might be difficult to fix during the post-placement implementation flow and could be the result of non-optimal XDC constraints or non-optimal design architecture
Related violations: <none>

TIMING-16#2 Warning
Large setup violation  
There is a large setup violation of -1.005 ns between debug_req_i (clocked by sys_clk) and u_core/id_stage_i/id_ex_pipe_o_reg[operand_c][30]/D (clocked by sys_clk). Large setup violations at the end of those stages might be difficult to fix during the post-placement implementation flow and could be the result of non-optimal XDC constraints or non-optimal design architecture
Related violations: <none>

TIMING-16#3 Warning
Large setup violation  
There is a large setup violation of -1.015 ns between debug_req_i (clocked by sys_clk) and u_core/id_stage_i/id_ex_pipe_o_reg[alu_operand_b][27]/D (clocked by sys_clk). Large setup violations at the end of those stages might be difficult to fix during the post-placement implementation flow and could be the result of non-optimal XDC constraints or non-optimal design architecture
Related violations: <none>

TIMING-16#4 Warning
Large setup violation  
There is a large setup violation of -1.018 ns between debug_req_i (clocked by sys_clk) and u_core/id_stage_i/id_ex_pipe_o_reg[muldiv_operand_b][26]/D (clocked by sys_clk). Large setup violations at the end of those stages might be difficult to fix during the post-placement implementation flow and could be the result of non-optimal XDC constraints or non-optimal design architecture
Related violations: <none>

TIMING-16#5 Warning
Large setup violation  
There is a large setup violation of -1.025 ns between debug_req_i (clocked by sys_clk) and u_core/id_stage_i/id_ex_pipe_o_reg[alu_operand_a][27]/D (clocked by sys_clk). Large setup violations at the end of those stages might be difficult to fix during the post-placement implementation flow and could be the result of non-optimal XDC constraints or non-optimal design architecture
Related violations: <none>

TIMING-16#6 Warning
Large setup violation  
There is a large setup violation of -1.025 ns between debug_req_i (clocked by sys_clk) and u_core/id_stage_i/id_ex_pipe_o_reg[operand_c][25]/D (clocked by sys_clk). Large setup violations at the end of those stages might be difficult to fix during the post-placement implementation flow and could be the result of non-optimal XDC constraints or non-optimal design architecture
Related violations: <none>

TIMING-16#7 Warning
Large setup violation  
There is a large setup violation of -1.044 ns between debug_req_i (clocked by sys_clk) and u_core/id_stage_i/id_ex_pipe_o_reg[alu_operand_a][31]/D (clocked by sys_clk). Large setup violations at the end of those stages might be difficult to fix during the post-placement implementation flow and could be the result of non-optimal XDC constraints or non-optimal design architecture
Related violations: <none>

TIMING-16#8 Warning
Large setup violation  
There is a large setup violation of -1.046 ns between debug_req_i (clocked by sys_clk) and u_core/id_stage_i/id_ex_pipe_o_reg[muldiv_operand_b][20]/D (clocked by sys_clk). Large setup violations at the end of those stages might be difficult to fix during the post-placement implementation flow and could be the result of non-optimal XDC constraints or non-optimal design architecture
Related violations: <none>

TIMING-16#9 Warning
Large setup violation  
There is a large setup violation of -1.079 ns between debug_req_i (clocked by sys_clk) and u_core/id_stage_i/id_ex_pipe_o_reg[operand_c][27]/D (clocked by sys_clk). Large setup violations at the end of those stages might be difficult to fix during the post-placement implementation flow and could be the result of non-optimal XDC constraints or non-optimal design architecture
Related violations: <none>

TIMING-16#10 Warning
Large setup violation  
There is a large setup violation of -1.112 ns between debug_req_i (clocked by sys_clk) and u_core/id_stage_i/id_ex_pipe_o_reg[alu_operand_b][30]/D (clocked by sys_clk). Large setup violations at the end of those stages might be difficult to fix during the post-placement implementation flow and could be the result of non-optimal XDC constraints or non-optimal design architecture
Related violations: <none>

TIMING-16#11 Warning
Large setup violation  
There is a large setup violation of -1.133 ns between debug_req_i (clocked by sys_clk) and u_core/ex_stage_i/ex_wb_pipe_o_reg[rf_wdata][25]/D (clocked by sys_clk). Large setup violations at the end of those stages might be difficult to fix during the post-placement implementation flow and could be the result of non-optimal XDC constraints or non-optimal design architecture
Related violations: <none>

TIMING-16#12 Warning
Large setup violation  
There is a large setup violation of -1.204 ns between debug_req_i (clocked by sys_clk) and u_core/ex_stage_i/ex_wb_pipe_o_reg[rf_wdata][29]/D (clocked by sys_clk). Large setup violations at the end of those stages might be difficult to fix during the post-placement implementation flow and could be the result of non-optimal XDC constraints or non-optimal design architecture
Related violations: <none>

TIMING-16#13 Warning
Large setup violation  
There is a large setup violation of -1.233 ns between debug_req_i (clocked by sys_clk) and u_core/id_stage_i/id_ex_pipe_o_reg[operand_c][28]/D (clocked by sys_clk). Large setup violations at the end of those stages might be difficult to fix during the post-placement implementation flow and could be the result of non-optimal XDC constraints or non-optimal design architecture
Related violations: <none>

TIMING-16#14 Warning
Large setup violation  
There is a large setup violation of -1.314 ns between debug_req_i (clocked by sys_clk) and u_core/id_stage_i/id_ex_pipe_o_reg[alu_operand_b][29]/D (clocked by sys_clk). Large setup violations at the end of those stages might be difficult to fix during the post-placement implementation flow and could be the result of non-optimal XDC constraints or non-optimal design architecture
Related violations: <none>

TIMING-16#15 Warning
Large setup violation  
There is a large setup violation of -1.402 ns between debug_req_i (clocked by sys_clk) and u_core/id_stage_i/id_ex_pipe_o_reg[alu_operand_b][26]/D (clocked by sys_clk). Large setup violations at the end of those stages might be difficult to fix during the post-placement implementation flow and could be the result of non-optimal XDC constraints or non-optimal design architecture
Related violations: <none>

TIMING-16#16 Warning
Large setup violation  
There is a large setup violation of -1.424 ns between debug_req_i (clocked by sys_clk) and u_core/id_stage_i/id_ex_pipe_o_reg[alu_operand_b][28]/D (clocked by sys_clk). Large setup violations at the end of those stages might be difficult to fix during the post-placement implementation flow and could be the result of non-optimal XDC constraints or non-optimal design architecture
Related violations: <none>

TIMING-16#17 Warning
Large setup violation  
There is a large setup violation of -1.425 ns between debug_req_i (clocked by sys_clk) and u_core/id_stage_i/id_ex_pipe_o_reg[alu_operand_a][26]/D (clocked by sys_clk). Large setup violations at the end of those stages might be difficult to fix during the post-placement implementation flow and could be the result of non-optimal XDC constraints or non-optimal design architecture
Related violations: <none>

TIMING-16#18 Warning
Large setup violation  
There is a large setup violation of -2.603 ns between u_core/id_stage_i/id_ex_pipe_o_reg[alu_operand_a][0]/C (clocked by sys_clk) and status_leds_o[4] (clocked by sys_clk). Large setup violations at the end of those stages might be difficult to fix during the post-placement implementation flow and could be the result of non-optimal XDC constraints or non-optimal design architecture
Related violations: <none>

TIMING-16#19 Warning
Large setup violation  
There is a large setup violation of -3.053 ns between debug_req_i (clocked by sys_clk) and status_leds_o[3] (clocked by sys_clk). Large setup violations at the end of those stages might be difficult to fix during the post-placement implementation flow and could be the result of non-optimal XDC constraints or non-optimal design architecture
Related violations: <none>

XDCH-2#1 Warning
Same min and max delay values on IO port  
The same input delay of 0.000 ns has been defined on port 'clk_i' relative to clock sys_clk for both max and min. Make sure this reflects the design intent.
set_input_delay -clock sys_clk 0.000 [get_ports clk_i]
D:/KachiCodeRsp/customriscv/cv32e40x/constraints/cv32e40x_fpga_top.xdc (Line: 22)
Related violations: <none>


